EventEventCallback
    ( EventCallback
        { eventId = EventId
            { unEventId = "Ev043VFLT545" }
        , teamId = TeamId
            { unTeamId = "T043DB835ML" }
        , eventTime = MkSystemTime
            { systemSeconds = 1664216870
            , systemNanoseconds = 0
            }
        , event = EventMessage
            ( MessageEvent
                { blocks = Just
                    [ RichText
                        { blockId = Just
                            ( NonEmptyText "FVI" )
                        , elements =
                            [ RichTextSectionItemRichText
                                [ RichItemText "TEST"
                                    ( RichStyle
                                        { rsBold = False
                                        , rsItalic = False
                                        }
                                    )
                                ]
                            ]
                        }
                    ]
                , channel = ConversationId
                    { unConversationId = "C043YJGBY49" }
                , text = "TEST"
                , channelType = Channel
                , user = UserId
                    { unUserId = "U0442US8QGH" }
                , ts = "1664216870.477049"
                , threadTs = Just "1664216109.798919"
                , appId = Just "A0442TUPHGR"
                , botId = Just "B0439P161B9"
                }
            )
        }
    )