EventEventCallback
    ( EventCallback
        { eventId = EventId
            { unEventId = "Ev044RKJHB8W" }
        , teamId = TeamId
            { unTeamId = "T043DB835ML" }
        , eventTime = MkSystemTime
            { systemSeconds = 1664827321
            , systemNanoseconds = 0
            }
        , event = EventChannelUnshared
            ( ChannelUnsharedEvent
                { previouslyConnectedTeamId = TeamId
                    { unTeamId = "E163Q94DX" }
                , channel = ConversationId
                    { unConversationId = "C123ABC456" }
                , isExtShared = False
                , eventTs = "1561064063.001100"
                }
            )
        }
    )
