EventEventCallback
    ( EventCallback
        { eventId = EventId
            { unEventId = "Ev07KHG83J1F" }
        , teamId = TeamId
            { unTeamId = "T043DB835ML" }
        , eventTime = MkSystemTime
            { systemSeconds = 1724952300
            , systemNanoseconds = 0
            }
        , event = EventMessage
            ( MessageEvent
                { blocks = Nothing
                , channel = ConversationId
                    { unConversationId = "C07KHDGQ7K3" }
                , text = ""
                , channelType = Channel
                , files = Nothing
                , user = UserId
                    { unUserId = "U05JAA9EN4T" }
                , ts = "1724952300.110719"
                , threadTs = Nothing
                , appId = Nothing
                , botId = Nothing
                , attachments = Just
                    [ MessageAttachment
                        { fallback = Just "[August 29th, 2024 10:24 AM] lev: 123"
                        , color = Just "D0D0D0"
                        , pretext = Nothing
                        , authorName = Just "lev"
                        , authorLink = Just "https://myworkspace.slack.com/team/U05JAA9EN4T"
                        , authorIcon = Just "https://avatars.slack-edge.com/2023-07-22/5607926127815_66b9d49327ec16a887e5_48.png"
                        , title = Nothing
                        , titleLink = Nothing
                        , text = Just "123"
                        , fields = Nothing
                        , imageUrl = Nothing
                        , thumbUrl = Nothing
                        , footer = Just "Slack Conversation"
                        , footerIcon = Nothing
                        , ts = Just "1724952281.623809"
                        , isMsgUnfurl = Just True
                        , messageBlocks = Just
                            [ AttachmentMessageBlock
                                { team = TeamId
                                    { unTeamId = "T043DB835ML" }
                                , channel = ConversationId
                                    { unConversationId = "C07KTH1T4CQ" }
                                , ts = "1724952281.623809"
                                , message = AttachmentMessageBlockMessage
                                    { blocks =
                                        [ RichText
                                            { blockId = Just
                                                ( NonEmptyText "nXUog" )
                                            , elements =
                                                [ RichTextSectionItemRichText
                                                    [ RichItemText "123"
                                                        ( RichStyle
                                                            { rsBold = False
                                                            , rsItalic = False
                                                            }
                                                        )
                                                    ]
                                                ]
                                            }
                                        ]
                                    }
                                }
                            ]
                        , authorId = Just
                            ( UserId
                                { unUserId = "U05JAA9EN4T" }
                            )
                        , channelId = Just
                            ( ConversationId
                                { unConversationId = "C07KTH1T4CQ" }
                            )
                        , channelTeam = Just
                            ( TeamId
                                { unTeamId = "T043DB835ML" }
                            )
                        , isAppUnfurl = Nothing
                        , appUnfurlUrl = Nothing
                        , fromUrl = Just "https://myworkspace.slack.com/archives/C07KTH1T4CQ/p1724952281623809"
                        }
                    ]
                }
            )
        }
    )