EventEventCallback
    ( EventCallback
        { eventId = EventId
            { unEventId = "Ev043T7CKN84" }
        , teamId = TeamId
            { unTeamId = "T043DB835ML" }
        , eventTime = MkSystemTime
            { systemSeconds = 1663966382
            , systemNanoseconds = 0
            }
        , event = EventMessage
            ( MessageEvent
                { blocks = Just
                    [ RichText
                        { blockId = Just
                            ( NonEmptyText "u6n" )
                        , elements =
                            [ RichTextSectionItemRichText
                                [ RichItemText "dgsfklsdgf"
                                    ( RichStyle
                                        { rsBold = False
                                        , rsItalic = False
                                        }
                                    )
                                ]
                            ]
                        }
                    ]
                , channel = ConversationId
                    { unConversationId = "C043YJGBY49" }
                , text = "dgsfklsdgf"
                , channelType = Channel
                , files = Nothing
                , user = UserId
                    { unUserId = "U043H11ES4V" }
                , ts = "1663966382.046509"
                , threadTs = Nothing
                , appId = Nothing
                , botId = Nothing
                }
            )
        }
    )