EventEventCallback
    ( EventCallback
        { eventId = EventId
            { unEventId = "Ev07K61TELMR" }
        , teamId = TeamId
            { unTeamId = "T043DB835ML" }
        , eventTime = MkSystemTime
            { systemSeconds = 1724966800
            , systemNanoseconds = 0
            }
        , event = EventMessage
            ( MessageEvent
                { blocks = Just
                    [ RichText
                        { blockId = Just
                            ( NonEmptyText "Yyg6K" )
                        , elements =
                            [ RichTextSectionItemRichText
                                [ RichItemText "hello check that out!"
                                    ( RichStyle
                                        { rsBold = False
                                        , rsItalic = False
                                        }
                                    )
                                ]
                            ]
                        }
                    ]
                , channel = ConversationId
                    { unConversationId = "C07KHDGQ7K3" }
                , text = "hello check that out!"
                , channelType = Channel
                , files = Nothing
                , user = UserId
                    { unUserId = "U05JAA9EN4T" }
                , ts = "1724966800.923979"
                , threadTs = Nothing
                , appId = Nothing
                , botId = Nothing
                , attachments = Just
                    [ MessageAttachment
                        { fallback = Just "[August 29th, 2024 2:26 PM] lev: this will be shared with a message"
                        , color = Just "D0D0D0"
                        , pretext = Nothing
                        , authorName = Just "lev"
                        , authorLink = Just "https://myworkspace.slack.com/team/U05JAA9EN4T"
                        , authorIcon = Just "https://avatars.slack-edge.com/2023-07-22/5607926127815_66b9d49327ec16a887e5_48.png"
                        , title = Nothing
                        , titleLink = Nothing
                        , text = Just "this will be shared with a message"
                        , fields = Nothing
                        , imageUrl = Nothing
                        , thumbUrl = Nothing
                        , footer = Just "Slack Conversation"
                        , footerIcon = Nothing
                        , ts = Just "1724966776.474889"
                        , isMsgUnfurl = Just True
                        , messageBlocks = Just
                            [ AttachmentMessageBlock
                                { team = TeamId
                                    { unTeamId = "T043DB835ML" }
                                , channel = ConversationId
                                    { unConversationId = "C07KTH1T4CQ" }
                                , ts = "1724966776.474889"
                                , message = AttachmentMessageBlockMessage
                                    { blocks =
                                        [ RichText
                                            { blockId = Just
                                                ( NonEmptyText "BXn1o" )
                                            , elements =
                                                [ RichTextSectionItemRichText
                                                    [ RichItemText "this will be shared with a message"
                                                        ( RichStyle
                                                            { rsBold = False
                                                            , rsItalic = False
                                                            }
                                                        )
                                                    ]
                                                ]
                                            }
                                        ]
                                    }
                                }
                            ]
                        , authorId = Just
                            ( UserId
                                { unUserId = "U05JAA9EN4T" }
                            )
                        , channelId = Just
                            ( ConversationId
                                { unConversationId = "C07KTH1T4CQ" }
                            )
                        , channelTeam = Just
                            ( TeamId
                                { unTeamId = "T043DB835ML" }
                            )
                        , isAppUnfurl = Nothing
                        , appUnfurlUrl = Nothing
                        , fromUrl = Just "https://myworkspace.slack.com/archives/C07KTH1T4CQ/p1724966776474889"
                        }
                    ]
                }
            )
        }
    )