EventEventCallback
    ( EventCallback
        { eventId = EventId
            { unEventId = "Ev07K61TELMR" }
        , teamId = TeamId
            { unTeamId = "T043DB835ML" }
        , eventTime = MkSystemTime
            { systemSeconds = 1724966800
            , systemNanoseconds = 0
            }
        , event = EventMessage
            ( MessageEvent
                { blocks = Just
                    [ RichText
                        { blockId = Just
                            ( NonEmptyText "Yyg6K" )
                        , elements =
                            [ RichTextSectionItemRichText
                                [ RichItemText "hello check that out!"
                                    ( RichStyle
                                        { rsBold = False
                                        , rsItalic = False
                                        }
                                    )
                                ]
                            ]
                        }
                    ]
                , channel = ConversationId
                    { unConversationId = "C07KHDGQ7K3" }
                , text = "hello check that out!"
                , channelType = Channel
                , files = Nothing
                , user = UserId
                    { unUserId = "U05JAA9EN4T" }
                , ts = "1724966800.923979"
                , threadTs = Nothing
                , appId = Nothing
                , botId = Nothing
                , botProfile = Nothing
                , attachments = Just
                    [ MessageAttachment
                        { decoded = Just
                            ( DecodedMessageAttachment
                                { fallback = Just "[August 29th, 2024 2:26 PM] lev: this will be shared with a message"
                                , color = Just "D0D0D0"
                                , pretext = Nothing
                                , authorName = Just "lev"
                                , authorLink = Just "https://myworkspace.slack.com/team/U05JAA9EN4T"
                                , authorIcon = Just "https://avatars.slack-edge.com/2023-07-22/5607926127815_66b9d49327ec16a887e5_48.png"
                                , title = Nothing
                                , titleLink = Nothing
                                , text = Just "this will be shared with a message"
                                , fields = Nothing
                                , imageUrl = Nothing
                                , thumbUrl = Nothing
                                , footer = Just "Slack Conversation"
                                , footerIcon = Nothing
                                , ts = Just "1724966776.474889"
                                , isMsgUnfurl = Just True
                                , messageBlocks = Just
                                    [ AttachmentMessageBlock
                                        { team = TeamId
                                            { unTeamId = "T043DB835ML" }
                                        , channel = ConversationId
                                            { unConversationId = "C07KTH1T4CQ" }
                                        , ts = "1724966776.474889"
                                        , message = AttachmentMessageBlockMessage
                                            { blocks =
                                                [ RichText
                                                    { blockId = Just
                                                        ( NonEmptyText "BXn1o" )
                                                    , elements =
                                                        [ RichTextSectionItemRichText
                                                            [ RichItemText "this will be shared with a message"
                                                                ( RichStyle
                                                                    { rsBold = False
                                                                    , rsItalic = False
                                                                    }
                                                                )
                                                            ]
                                                        ]
                                                    }
                                                ]
                                            }
                                        }
                                    ]
                                , authorId = Just
                                    ( UserId
                                        { unUserId = "U05JAA9EN4T" }
                                    )
                                , channelId = Just
                                    ( ConversationId
                                        { unConversationId = "C07KTH1T4CQ" }
                                    )
                                , channelTeam = Just
                                    ( TeamId
                                        { unTeamId = "T043DB835ML" }
                                    )
                                , isAppUnfurl = Nothing
                                , appUnfurlUrl = Nothing
                                , fromUrl = Just "https://myworkspace.slack.com/archives/C07KTH1T4CQ/p1724966776474889"
                                }
                            )
                        , raw = Object
                            ( fromList
                                [
                                    ( "author_icon"
                                    , String "https://avatars.slack-edge.com/2023-07-22/5607926127815_66b9d49327ec16a887e5_48.png"
                                    )
                                ,
                                    ( "author_id"
                                    , String "U05JAA9EN4T"
                                    )
                                ,
                                    ( "author_link"
                                    , String "https://myworkspace.slack.com/team/U05JAA9EN4T"
                                    )
                                ,
                                    ( "author_name"
                                    , String "lev"
                                    )
                                ,
                                    ( "author_subname"
                                    , String "lev"
                                    )
                                ,
                                    ( "channel_id"
                                    , String "C07KTH1T4CQ"
                                    )
                                ,
                                    ( "channel_team"
                                    , String "T043DB835ML"
                                    )
                                ,
                                    ( "color"
                                    , String "D0D0D0"
                                    )
                                ,
                                    ( "fallback"
                                    , String "[August 29th, 2024 2:26 PM] lev: this will be shared with a message"
                                    )
                                ,
                                    ( "footer"
                                    , String "Slack Conversation"
                                    )
                                ,
                                    ( "from_url"
                                    , String "https://myworkspace.slack.com/archives/C07KTH1T4CQ/p1724966776474889"
                                    )
                                ,
                                    ( "is_msg_unfurl"
                                    , Bool True
                                    )
                                ,
                                    ( "is_share"
                                    , Bool True
                                    )
                                ,
                                    ( "message_blocks"
                                    , Array
                                        [ Object
                                            ( fromList
                                                [
                                                    ( "channel"
                                                    , String "C07KTH1T4CQ"
                                                    )
                                                ,
                                                    ( "message"
                                                    , Object
                                                        ( fromList
                                                            [
                                                                ( "blocks"
                                                                , Array
                                                                    [ Object
                                                                        ( fromList
                                                                            [
                                                                                ( "block_id"
                                                                                , String "BXn1o"
                                                                                )
                                                                            ,
                                                                                ( "elements"
                                                                                , Array
                                                                                    [ Object
                                                                                        ( fromList
                                                                                            [
                                                                                                ( "elements"
                                                                                                , Array
                                                                                                    [ Object
                                                                                                        ( fromList
                                                                                                            [
                                                                                                                ( "text"
                                                                                                                , String "this will be shared with a message"
                                                                                                                )
                                                                                                            ,
                                                                                                                ( "type"
                                                                                                                , String "text"
                                                                                                                )
                                                                                                            ]
                                                                                                        )
                                                                                                    ]
                                                                                                )
                                                                                            ,
                                                                                                ( "type"
                                                                                                , String "rich_text_section"
                                                                                                )
                                                                                            ]
                                                                                        )
                                                                                    ]
                                                                                )
                                                                            ,
                                                                                ( "type"
                                                                                , String "rich_text"
                                                                                )
                                                                            ]
                                                                        )
                                                                    ]
                                                                )
                                                            ]
                                                        )
                                                    )
                                                ,
                                                    ( "team"
                                                    , String "T043DB835ML"
                                                    )
                                                ,
                                                    ( "ts"
                                                    , String "1724966776.474889"
                                                    )
                                                ]
                                            )
                                        ]
                                    )
                                ,
                                    ( "mrkdwn_in"
                                    , Array
                                        [ String "text" ]
                                    )
                                ,
                                    ( "text"
                                    , String "this will be shared with a message"
                                    )
                                ,
                                    ( "ts"
                                    , String "1724966776.474889"
                                    )
                                ]
                            )
                        }
                    ]
                }
            )
        }
    )