EventEventCallback
    ( EventCallback
        { eventId = EventId
            { unEventId = "Ev044Y3D66M9" }
        , teamId = TeamId
            { unTeamId = "T043DB835ML" }
        , eventTime = MkSystemTime
            { systemSeconds = 1664826477
            , systemNanoseconds = 0
            }
        , event = EventMessage
            ( MessageEvent
                { blocks = Just
                    [ RichText
                        { blockId = Just
                            ( NonEmptyText "ZRe" )
                        , elements =
                            [ RichTextSectionItemRichText
                                [ RichItemText "You have been removed from #testing-slack-app by "
                                    ( RichStyle
                                        { rsBold = False
                                        , rsItalic = False
                                        }
                                    )
                                , RichItemUser
                                    ( UserId
                                        { unUserId = "U043H11ES4V" }
                                    )
                                    ( RichStyle
                                        { rsBold = False
                                        , rsItalic = False
                                        }
                                    )
                                ]
                            ]
                        }
                    ]
                , channel = ConversationId
                    { unConversationId = "D043HMJ0WDU" }
                , text = "You have been removed from #testing-slack-app by <@U043H11ES4V>"
                , channelType = Im
                , files = Nothing
                , user = UserId
                    { unUserId = "USLACKBOT" }
                , ts = "1664826477.425039"
                , threadTs = Nothing
                , appId = Nothing
                , botId = Nothing
                , attachments = Nothing
                }
            )
        }
    )