MembersRsp
    { membersRspMembers =
        [ UserId
            { unUserId = "U023BECGF" }
        , UserId
            { unUserId = "U061F7AUR" }
        , UserId
            { unUserId = "W012A3CDE" }
        ]
    , membersRspResponseMetadata = Just
        ( ResponseMetadata
            { responseMetadataNextCursor = Just
                ( Cursor
                    { unCursor = "e3VzZXJfaWQ6IFcxMjM0NTY3fQ==" }
                )
            }
        )
    }
